2022-09-28 17:30:46.752  1690-5943  KernelCpuU...TimeReader pid-1690                             E  Negative delta from cluster time for uid: 50215, delta: -3
2022-09-28 17:30:46.752  1690-5943  KernelCpuU...TimeReader pid-1690                             E  Negative delta from cluster time for uid: 50270, delta: -3
2022-09-28 17:30:46.753  1690-5943  KernelCpuU...TimeReader pid-1690                             E  Negative delta from cluster time for uid: 50414, delta: -3
2022-09-28 17:30:46.753  1690-5943  KernelCpuU...TimeReader pid-1690                             E  Negative delta from cluster time for uid: 50147, delta: -5
2022-09-28 17:30:46.753  1690-5943  KernelCpuU...TimeReader pid-1690                             E  Negative delta from cluster time for uid: 50524, delta: -3
2022-09-28 17:30:46.753  1690-5943  KernelCpuU...TimeReader pid-1690                             E  Negative delta from cluster time for uid: 10078, delta: -10
2022-09-28 17:30:46.753  1690-5943  KernelCpuU...TimeReader pid-1690                             E  Negative delta from cluster time for uid: 50113, delta: -3
2022-09-28 17:30:46.753  1690-5943  KernelCpuU...TimeReader pid-1690                             E  Negative delta from cluster time for uid: 50257, delta: -1
2022-09-28 17:30:46.753  1690-5943  KernelCpuU...TimeReader pid-1690                             E  Negative delta from cluster time for uid: 10154, delta: -60
2022-09-28 17:30:46.753  1690-5943  KernelCpuU...TimeReader pid-1690                             E  Negative delta from cluster time for uid: 50134, delta: -2
2022-09-28 17:30:46.753  1690-5943  KernelCpuU...TimeReader pid-1690                             E  Negative delta from cluster time for uid: 50244, delta: -2
2022-09-28 17:30:46.753  1690-5943  KernelCpuU...TimeReader pid-1690                             E  Negative delta from cluster time for uid: 10641, delta: -3
2022-09-28 17:30:46.753  1690-5943  KernelCpuU...TimeReader pid-1690                             E  Negative delta from cluster time for uid: 50011, delta: -1
2022-09-28 17:30:46.753  1690-5943  KernelCpuU...TimeReader pid-1690                             E  Negative delta from cluster time for uid: 10319, delta: -3
2022-09-28 17:30:46.753  1690-5943  KernelCpuU...TimeReader pid-1690                             E  Negative delta from cluster time for uid: 50676, delta: -3
2022-09-28 17:30:46.753  1690-5943  KernelCpuU...TimeReader pid-1690                             E  Negative delta from cluster time for uid: 50354, delta: -2
2022-09-28 17:30:46.753  1690-5943  KernelCpuU...TimeReader pid-1690                             E  Negative delta from cluster time for uid: 50121, delta: -1
2022-09-28 17:30:46.753  1690-5943  KernelCpuU...TimeReader pid-1690                             E  Negative delta from cluster time for uid: 50176, delta: -5
2022-09-28 17:30:46.753  1690-5943  KernelCpuU...TimeReader pid-1690                             E  Negative delta from cluster time for uid: 50218, delta: -2
2022-09-28 17:30:46.753  1690-5943  KernelCpuU...TimeReader pid-1690                             E  Negative delta from cluster time for uid: 50150, delta: -4
2022-09-28 17:30:46.753  1690-5943  KernelCpuU...TimeReader pid-1690                             E  Negative delta from cluster time for uid: 50061, delta: -4
2022-09-28 17:30:46.753  1690-5943  KernelCpuU...TimeReader pid-1690                             E  Negative delta from cluster time for uid: 50349, delta: -3
2022-09-28 17:30:46.753  1690-5943  KernelCpuU...TimeReader pid-1690                             E  Negative delta from cluster time for uid: 50137, delta: -2
2022-09-28 17:30:46.753  1690-5943  KernelCpuU...TimeReader pid-1690                             E  Negative delta from cluster time for uid: 10068, delta: -24
2022-09-28 17:30:46.753  1690-5943  KernelCpuU...TimeReader pid-1690                             E  Negative delta from cluster time for uid: 50302, delta: -2
2022-09-28 17:30:46.753  1690-5943  KernelCpuU...TimeReader pid-1690                             E  Negative delta from cluster time for uid: 50357, delta: -1
2022-09-28 17:30:46.753  1690-5943  KernelCpuU...TimeReader pid-1690                             E  Negative delta from cluster time for uid: 50124, delta: -1
2022-09-28 17:30:46.753  1690-5943  KernelCpuU...TimeReader pid-1690                             E  Negative delta from cluster time for uid: 10521, delta: -8
2022-09-28 17:30:46.753  1690-5943  KernelCpuU...TimeReader pid-1690                             E  Negative delta from cluster time for uid: 50145, delta: -3
2022-09-28 17:30:46.753  1690-5943  KernelCpuU...TimeReader pid-1690                             E  Negative delta from cluster time for uid: 50255, delta: -5
2022-09-28 17:30:46.753  1690-5943  KernelCpuU...TimeReader pid-1690                             E  Negative delta from cluster time for uid: 10008, delta: -4
2022-09-28 17:30:46.753  1690-5943  KernelCpuU...TimeReader pid-1690                             E  Negative delta from cluster time for uid: 1036, delta: -11
2022-09-28 17:30:46.753  1690-5943  KernelCpuU...TimeReader pid-1690                             E  Negative delta from cluster time for uid: 10351, delta: -6
2022-09-28 17:30:46.753  1690-5943  KernelCpuU...TimeReader pid-1690                             E  Negative delta from cluster time for uid: 50098, delta: -6
2022-09-28 17:30:46.753  1690-5943  KernelCpuU...TimeReader pid-1690                             E  Negative delta from cluster time for uid: 50208, delta: -7
2022-09-28 17:30:46.753  1690-5943  KernelCpuU...TimeReader pid-1690                             E  Negative delta from cluster time for uid: 50640, delta: -1
2022-09-28 17:30:46.753  1690-5943  KernelCpuU...TimeReader pid-1690                             E  Negative delta from cluster time for uid: 50318, delta: -3
2022-09-28 17:30:46.753  1690-5943  KernelCpuU...TimeReader pid-1690                             E  Negative delta from cluster time for uid: 50161, delta: -10
2022-09-28 17:30:46.754  1690-5943  KernelCpuU...TimeReader pid-1690                             E  Negative delta from cluster time for uid: 50216, delta: -1
2022-09-28 17:30:46.754  1690-5943  KernelCpuU...TimeReader pid-1690                             E  Negative delta from cluster time for uid: 10058, delta: -2
2022-09-28 17:30:46.754  1690-5943  KernelCpuU...TimeReader pid-1690                             E  Negative delta from cluster time for uid: 50224, delta: -14
2022-09-28 17:30:46.754  1690-5943  KernelCpuU...TimeReader pid-1690                             E  Negative delta from cluster time for uid: 50135, delta: -4
2022-09-28 17:30:46.754  1690-5943  KernelCpuU...TimeReader pid-1690                             E  Negative delta from cluster time for uid: 50046, delta: -3
2022-09-28 17:30:46.754  1690-5943  KernelCpuU...TimeReader pid-1690                             E  Negative delta from cluster time for uid: 50656, delta: -9
2022-09-28 17:30:46.754  1690-5943  KernelCpuU...TimeReader pid-1690                             E  Negative delta from cluster time for uid: 50300, delta: -4
2022-09-28 17:30:46.754  1690-5943  KernelCpuU...TimeReader pid-1690                             E  Negative delta from cluster time for uid: 10197, delta: -25
2022-09-28 17:30:46.754  1690-5943  KernelCpuU...TimeReader pid-1690                             E  Negative delta from cluster time for uid: 50321, delta: -2
2022-09-28 17:30:46.754  1690-5943  KernelCpuU...TimeReader pid-1690                             E  Negative delta from cluster time for uid: 50143, delta: -2
2022-09-28 17:30:46.754  1690-5943  KernelCpuU...TimeReader pid-1690                             E  Negative delta from cluster time for uid: 10218, delta: -6
2022-09-28 17:30:46.754  1690-5943  KernelCpuU...TimeReader pid-1690                             E  Negative delta from cluster time for uid: 50342, delta: -10
2022-09-28 17:30:46.754  1690-5943  KernelCpuU...TimeReader pid-1690                             E  Negative delta from cluster time for uid: 50274, delta: -4
2022-09-28 17:30:46.754  1690-5943  KernelCpuU...TimeReader pid-1690                             E  Negative delta from cluster time for uid: 50706, delta: -11
2022-09-28 17:30:46.754  1690-5943  KernelCpuU...TimeReader pid-1690                             E  Negative delta from cluster time for uid: 50007, delta: -2
2022-09-28 17:30:46.754  1690-5943  KernelCpuU...TimeReader pid-1690                             E  Negative delta from cluster time for uid: 50151, delta: -5
2022-09-28 17:30:46.754  1690-5943  KernelCpuU...TimeReader pid-1690                             E  Negative delta from cluster time for uid: 50062, delta: -1
2022-09-28 17:30:46.754  1690-5943  KernelCpuU...TimeReader pid-1690                             E  Negative delta from cluster time for uid: 1021, delta: -196
2022-09-28 17:30:46.754  1690-5943  KernelCpuU...TimeReader pid-1690                             E  Negative delta from cluster time for uid: 50261, delta: -1
2022-09-28 17:30:46.754  1690-4524  OplusHansManager        pid-1690                             I  onUidGone(), 10714 com.geek.jk.calendar.app exit SM
2022-09-28 17:30:46.754  1690-3330  OplusHansManager        pid-1690                             I  uid=10714, pkg=com.geek.jk.calendar.app R exit SM
2022-09-28 17:30:46.754  1690-3330  OplusHansManager        pid-1690                             I  uid=10714, pkg=com.geek.jk.calendar.app R exit()
2022-09-28 17:30:46.755  1690-3580  ActivityManager         pid-1690                             I  Killing 23677:com.geek.jk.calendar.app:pushcore/u0a714 (adj 500): stop com.geek.jk.calendar.app due to from pid 1298
2022-09-28 17:30:46.756  1298-2073  Battery                 pid-1298                             E  AppStats: Uid = 10714; pkgName = com.geek.jk.calendar.app; CpuFgTime = 0 ms; CpuBgTime = 17 ms.
2022-09-28 17:30:46.756  1298-2073  Battery                 pid-1298                             E  AppStats: Uid = 10714; pkgName = com.geek.jk.calendar.app; CpuKernelFgTime = 0 ms; CpuKernelBgTime = 13 ms.
2022-09-28 17:30:46.756  1298-2073  Battery                 pid-1298                             E  AppStats: Uid = 10714; pkgName = com.geek.jk.calendar.app; CpuUserFgTime = 0 ms ; CpuUserBgTime = 4 ms.
2022-09-28 17:30:46.756  1298-2073  Battery                 pid-1298                             E  AppStats: Uid = 10714; pkgName = com.geek.jk.calendar.app; CpuFgPower = 0.0 mAh.; CpuBgPower = 5.555555555555556E-5 mAh.
2022-09-28 17:30:46.756  1298-2073  Battery                 pid-1298                             E  AppStats: Uid = 10714; pkgName = com.geek.jk.calendar.app; AlarmFgWakeupCount = 0; AlarmBgWakeupCount = 0
2022-09-28 17:30:46.756  1298-2073  Battery                 pid-1298                             E  AppStats: Uid = 10714; pkgName = com.geek.jk.calendar.app; JobFgCount = 0; JobBgCount = 0; JobFgTime = 0; JobBgTime = 0
2022-09-28 17:30:46.756   626-626   hwservicemanager        pid-626                              I  getTransport: Cannot find entry vendor.qti.hardware.iop@2.0::IIop/default in either framework or device VINTF manifest.
2022-09-28 17:30:46.756  1298-2073  Battery                 pid-1298                             E  AppStats: Uid = 10714; pkgName = com.geek.jk.calendar.app; SyncFgCount = 0; SyncBgCount = 0; SyncFgTime = 0; SyncBgTime = 0
2022-09-28 17:30:46.756  1298-2073  Battery                 pid-1298                             E  AppStats: Uid = 10714; pkgName = com.geek.jk.calendar.app; WakeLockFgTime = 0 ms; WakeLockFgPower = 0.0 mAh.; WakeLockBgTime = 0 ms; WakeLockBgPower = 0.0 mAh.
2022-09-28 17:30:46.756  1298-2073  Battery                 pid-1298                             E  AppStats: Uid = 10714; pkgName = com.geek.jk.calendar.app; ScreenFgTime = 1557823 ms; ScreenFgPower = 41.97467527777778 mAh.
2022-09-28 17:30:46.757  1298-2073  Battery                 pid-1298                             E  AppStats: Uid = 10714; pkgName = com.geek.jk.calendar.app; FgMobileRxBytes = 229416 Bytes; BgMobileRxBytes = 215928 Bytes; FgMobileTxBytes = 481408 Bytes; BgMobileTxBytes = 475716 Bytes; FgMobileRxPackets = 3824 ; BgMobileRxPackets = 3766 ; FgMobileTxPackets = 7583 ; BgMobileTxPackets = 7478 ; FgMobileActiveCount = 0 ; BgMobileActiveCount = 0 ; FgMobileActiveTime = 0 ; BgMobileActiveTime = 0
2022-09-28 17:30:46.757  1298-2073  Battery                 pid-1298                             E  AppStats: Uid = 10714; pkgName = com.geek.jk.calendar.app; FgMobileRxPacketsPower = 0.004628833975308643 mAh; BgMobileRxPacketsPower = 0.0045586267654320976 mAh; FgMobileTxPacketsPower = 0.009178987456790121 mAh; BgMobileTxPacketsPower = 0.009051888197530868 mAh; FgMobileTotalPower = 0.021701290666666668 mAh; BgMobileTotalPower = 0.022157637530864197 mAh.
2022-09-28 17:30:46.757  1690-1968  ActivityTaskManager     pid-1690                             W  Can't find TaskDisplayArea to determine support for multi window. Task id=421 attached=false
2022-09-28 17:30:46.757  1298-2073  Battery                 pid-1298                             E  AppStats: Uid = 10714; pkgName = com.geek.jk.calendar.app; FgGpsTime = 0 ms; BgGpsTime = 0 ms.
2022-09-28 17:30:46.757  1690-1968  ActivityTaskManager     pid-1690                             W  Can't find TaskDisplayArea to determine support for multi window. Task id=421 attached=false
2022-09-28 17:30:46.757  1298-2073  Battery                 pid-1298                             E  AppStats: Uid = 10714; pkgName = com.geek.jk.calendar.app; FgGpsPower = 0.0 mAh; BgGpsPower = 0.0 mAh.
2022-09-28 17:30:46.757  1298-2073  Battery                 pid-1298                             E  AppStats: Uid = 10714; pkgName = com.geek.jk.calendar.app; FgSensorTime = 0 ms; BgSensorTime = 0 ms.
2022-09-28 17:30:46.757  1298-2073  Battery                 pid-1298                             E  AppStats: Uid = 10714; pkgName = com.geek.jk.calendar.app; FgSensorPower = 0.0 mAh; BgSensorPower = 0.0 mAh.
2022-09-28 17:30:46.757  1298-2073  Battery                 pid-1298                             E  AppStats: Uid = 10714; pkgName = com.geek.jk.calendar.app; FgCameraTime = 0 ms; BgCameraTime = 0 ms
2022-09-28 17:30:46.757  1298-2073  Battery                 pid-1298                             E  AppStats: Uid = 10714; pkgName = com.geek.jk.calendar.app; FgCameraPower = 0.0 mAh; BgCameraPower = 0.0 mAh
2022-09-28 17:30:46.757  1298-2073  Battery                 pid-1298                             E  AppStats: Uid = 10714; pkgName = com.geek.jk.calendar.app; FgFlashLightTime = 0 ms; BgFlashLightTime = 0 ms
2022-09-28 17:30:46.757  1298-2073  Battery                 pid-1298                             E  AppStats: Uid = 10714; pkgName = com.geek.jk.calendar.app; FgFlashLightPower = 0.0 mAh; BgFlashLightPower = 0.0 mAh
2022-09-28 17:30:46.758  1690-3293  OplusAppLi...eptManager pid-1690                             D  shouldFilterTask
2022-09-28 17:30:46.758  1690-3293  OplusAppLi...eptManager pid-1690                             D  shouldFilterTask::packageName = com.geek.jk.calendar.app
2022-09-28 17:30:46.759  5294-5316  DeepThinker             pid-5294                             V  ProcessManager: onProcessDied pid:23677, uid:10714
2022-09-28 17:30:46.760 13269-15960 RemoteGuar...ityMonitor pid-13269                            E  onProcessDied com.geek.jk.calendar.app pid = 23677 uid = 10714
2022-09-28 17:30:46.761  1690-2951  OplusAppLi...eptManager pid-1690                             D  shouldFilterTask
2022-09-28 17:30:46.761  1690-2951  OplusAppLi...eptManager pid-1690                             D  shouldFilterTask::packageName = com.geek.jk.calendar.app
2022-09-28 17:30:46.766  1116-1116  OplusLayer              pid-1116                             D  ~Layer() sequence=16960, name=Task=421#1 0xb400007c857649c0
2022-09-28 17:30:46.766  1116-1116  OplusLayer              pid-1116                             D  ~Layer() sequence=16933, name=f3e01d com.geek.jk.calendar.app/com.day45.weather.host.HostActivity#0 0xb400007c7a932580
2022-09-28 17:30:46.766  1116-1116  OplusLayer              pid-1116                             D  ~Layer() sequence=16932, name=ActivityRecord{12098e9 u0 com.geek.jk.calendar.app/com.day45.weather.host.HostActivity#0 0xb400007c830f1400
2022-09-28 17:30:46.766  1116-1116  OplusMovieIdle          pid-1116                             D  updateLayerStacks,mOmiSupport is not supoort
2022-09-28 17:30:46.767  1690-1690  PhoneWindo...gerExtImpl pid-1690                             I  KeyLockModeReceiver KeyLockMode: 0 ProcessName: com.geek.jk.calendar.app
2022-09-28 17:30:46.768  1690-1690  Distribute...iceService pid-1690                             D  android.intent.action.PACKAGE_RESTARTED
2022-09-28 17:30:46.770  1690-1690  Compatibil...geReporter pid-1690                             D  Compat change id reported: 175319604; UID 1000; state: ENABLED
2022-09-28 17:30:46.770  1690-1690  Compatibil...geReporter pid-1690                             D  Compat change id reported: 175319604; UID 1000; state: DISABLED
2022-09-28 17:30:46.772  4608-4608  Registered...vicesCache pid-4608                             D  Service unchanged, not updating
2022-09-28 17:30:46.773  1690-1976  SearchableInfo          pid-1690                             W  Invalid searchable metadata for com.sankuai.meituan/.search.home.SearchActivity: Search label must be a resource reference.
2022-09-28 17:30:46.774  3451-3451  PhoneInterfaceManager   pid-3451                             E  [PhoneIntfMgr] getCarrierPackageNamesForIntentAndPhone: No UICC
2022-09-28 17:30:46.774  3451-3451  CarrierSvcBindHelper    pid-3451                             D  No carrier app for: 0
2022-09-28 17:30:46.774  1690-1976  SearchableInfo          pid-1690                             W  Invalid searchable metadata for com.sankuai.meituan/com.meituan.android.oversea.search.home.SearchActivity: Search label must be a resource reference.
2022-09-28 17:30:46.775  3451-3451  CarrierSvcBindHelper    pid-3451                             D  No carrier app for: 1
2022-09-28 17:30:46.776  1690-1976  SearchableInfo          pid-1690                             W  Invalid searchable metadata for tv.danmaku.bili/com.bilibili.bililive.videoliveplayer.ui.live.LiveAllActivity: Search label must be a resource reference.
2022-09-28 17:30:46.777  1690-1976  SearchableInfo          pid-1690                             W  Invalid searchable metadata for tv.danmaku.bili/com.bilibili.bililive.videoliveplayer.ui.live.area.LiveAreaVideoListActivity: Search label must be a resource reference.
2022-09-28 17:30:46.777  2948-3290  PeopleSpaceWidgetMgr    pid-2948                             D  Sbn doesn't contain valid PeopleTileKey: null/0/com.geek.jk.calendar.app
2022-09-28 17:30:46.778  1690-1976  SearchableInfo          pid-1690                             W  Invalid searchable metadata for tv.danmaku.bili/com.bilibili.bililive.videoliveplayer.ui.live.search.LiveSearchActivity: Search label must be a resource reference.
2022-09-28 17:30:46.779  1690-1976  SearchableInfo          pid-1690                             W  Invalid searchable metadata for tv.danmaku.bili/com.bilibili.bililive.room.ui.roomv3.LiveRoomActivityV3: Search label must be a resource reference.
2022-09-28 17:30:46.779  1690-1976  SearchableInfo          pid-1690                             W  Invalid searchable metadata for tv.danmaku.bili/com.bilibili.bililive.room.ui.roomv3.LiveRoomTranslucentActivity: Search label must be a resource reference.
2022-09-28 17:30:46.781  4608-5169  NfcApduServiceInfo      pid-4608                             D  No com.nxp.nfc.extensions meta-data
2022-09-28 17:30:46.781  4608-5169  NfcApduServiceInfo      pid-4608                             E  SE extension not present, Setting default offhost seID
2022-09-28 17:30:46.784  2948-2948  StatusBar/NavBarView    pid-2948                             D  Updating panel sysui state flags: panelView=com.oplusos.systemui.statusbar.phone.OplusNotificationPanelViewController@b55eedd
2022-09-28 17:30:46.784  2948-2948  StatusBar/NavBarView    pid-2948                             D  Updating panel sysui state flags: fullyExpanded=true inQs=false
2022-09-28 17:30:46.784  2948-2948  SysUiState              pid-2948                             D  SysUiState changed: old=4 new=4
2022-09-28 17:30:46.784  1690-1976  Searchables             pid-1690                             W  No web search activity found
2022-09-28 17:30:46.786  4608-4608  NfcApduServiceInfo      pid-4608                             I  nfcApdu createApduServiceInfo getConstructor
2022-09-28 17:30:46.786  4608-4608  Nfc-AidGroup            pid-4608                             D  callTargetMethod failed
2022-09-28 17:30:46.786  4608-4608  NfcAidGroup             pid-4608                             D  Non Empty aid group creation
2022-09-28 17:30:46.786  4608-4608  Nfc-AidGroup            pid-4608                             D  callTargetMethod failed
2022-09-28 17:30:46.786  4608-4608  NfcAidGroup             pid-4608                             D  Non Empty aid group creation
2022-09-28 17:30:46.786  4608-4608  NfcApduServiceInfo      pid-4608                             I  nfcApdu createApduServiceInfo getConstructor
2022-09-28 17:30:46.786  4608-4608  Nfc-AidGroup            pid-4608                             D  callTargetMethod failed
2022-09-28 17:30:46.786  4608-4608  NfcAidGroup             pid-4608                             D  Non Empty aid group creation
2022-09-28 17:30:46.787  4608-4608  Nfc-AidGroup            pid-4608                             D  callTargetMethod failed
2022-09-28 17:30:46.787  4608-4608  NfcAidGroup             pid-4608                             D  Non Empty aid group creation
2022-09-28 17:30:46.787  4608-4608  NfcApduServiceInfo      pid-4608                             I  nfcApdu createApduServiceInfo getConstructor
2022-09-28 17:30:46.787  4608-4608  Nfc-AidGroup            pid-4608                             D  callTargetMethod failed
2022-09-28 17:30:46.787  4608-4608  NfcAidGroup             pid-4608                             D  Non Empty aid group creation
2022-09-28 17:30:46.787  4608-4608  Nfc-AidGroup            pid-4608                             D  callTargetMethod failed
2022-09-28 17:30:46.787  4608-4608  NfcAidGroup             pid-4608                             D  Non Empty aid group creation
2022-09-28 17:30:46.787  4608-4608  NfcApduServiceInfo      pid-4608                             I  nfcApdu createApduServiceInfo getConstructor
2022-09-28 17:30:46.787  4608-4608  Nfc-AidGroup            pid-4608                             D  callTargetMethod failed
2022-09-28 17:30:46.787  4608-4608  NfcAidGroup             pid-4608                             D  Non Empty aid group creation
2022-09-28 17:30:46.787 26633-26653 [0]DCS-StrategyManager  pid-26633                            I  isNeedUpload: true, type: 2006, appID: 20082, logTag: 20082, eventID: notification_flow
2022-09-28 17:30:46.787  4608-4608  Nfc-AidGroup            pid-4608                             D  callTargetMethod failed
2022-09-28 17:30:46.787  4608-4608  NfcAidGroup             pid-4608                             D  Non Empty aid group creation
2022-09-28 17:30:46.787  4608-4608  NfcApduServiceInfo      pid-4608                             I  nfcApdu createApduServiceInfo getConstructor
2022-09-28 17:30:46.787  4608-4608  Nfc-AidGroup            pid-4608                             D  callTargetMethod failed
2022-09-28 17:30:46.787  4608-4608  NfcAidGroup             pid-4608                             D  Non Empty aid group creation
2022-09-28 17:30:46.787  4608-4608  Nfc-AidGroup            pid-4608                             D  callTargetMethod failed
2022-09-28 17:30:46.787  4608-4608  NfcAidGroup             pid-4608                             D  Non Empty aid group creation
2022-09-28 17:30:46.790 13269-13632 RemoteGuar....WorkUtils pid-13269                            I  initWorkManager isInit:false
2022-09-28 17:30:46.790 13269-13632 RemoteGuar...ityMonitor pid-13269                            I  game indulge not release monitor
2022-09-28 17:30:46.791 13269-13632 RemoteGuar...ityMonitor pid-13269                            I  topActivities = []
2022-09-28 17:30:46.795 13269-13632 RemoteGuar....WorkUtils pid-13269                            I  initWorkManager isInit:false
2022-09-28 17:30:46.795 13269-13632 RemoteGuar...ityMonitor pid-13269                            I  game indulge not release monitor
2022-09-28 17:30:46.795 13269-13632 RemoteGuar...ityMonitor pid-13269                            I  topActivities = []
2022-09-28 17:30:46.806  1690-1976  VoiceInteractionManager pid-1690                             W  no available voice recognition services found for user 0
2022-09-28 17:30:46.821  1690-1986  libprocessgroup         pid-1690                             I  Successfully killed process cgroup uid 10714 pid 23390 in 79ms
---------------------------- PROCESS ENDED (23677) for package com.geek.jk.calendar.app ----------------------------
2022-09-28 17:30:46.853  1690-6091  ActivityManager         pid-1690                             V  Got obituary of 23677:com.geek.jk.calendar.app:pushcore
2022-09-28 17:30:46.853  1690-3580  ConnectivityService     pid-1690                             D  ConnectivityService NetworkRequestInfo binderDied(uid/pid:10714/23677, [NetworkRequest [ LISTEN id=2197, [ Transports: CELLULAR|WIFI Capabilities: NOT_RESTRICTED&TRUSTED&NOT_VPN&NOT_VCN_MANAGED Uid: 10714 RequestorUid: 10714 RequestorPkg: com.geek.jk.calendar.app UnderlyingNetworks: Null] ]], android.os.BinderProxy@37e2ffd)
2022-09-28 17:30:46.855   875-875   Zygote                  pid-875                              I  Process 23677 exited due to signal 9 (Killed)
---------------------------- PROCESS ENDED (23390) for package com.geek.jk.calendar.app ----------------------------
2022-09-28 17:30:46.938  1690-3817  ConnectivityService     pid-1690                             D  ConnectivityService NetworkRequestInfo binderDied(uid/pid:10714/23390, [NetworkRequest [ LISTEN id=2198, [ Capabilities: MMS&SUPL&NOT_RESTRICTED&TRUSTED&NOT_VPN Uid: 10714 RequestorUid: 10714 RequestorPkg: com.geek.jk.calendar.app UnderlyingNetworks: Null] ]], android.os.BinderProxy@a07b4f2)
2022-09-28 17:30:46.938  1690-1966  ActivityManager         pid-1690                             W  setHasOverlayUi called on unknown pid: 23390
2022-09-28 17:30:46.939  1690-6091  DisplayManagerService   pid-1690                             D  Display listener for pid 23390 died.
2022-09-28 17:30:46.939  1690-3609  ConnectivityService     pid-1690                             D  ConnectivityService NetworkRequestInfo binderDied(uid/pid:10714/23390, [NetworkRequest [ LISTEN id=2196, [ Capabilities: NOT_RESTRICTED&TRUSTED&NOT_VPN&NOT_VCN_MANAGED Uid: 10714 RequestorUid: 10714 RequestorPkg: com.geek.jk.calendar.app UnderlyingNetworks: Null] ]], android.os.BinderProxy@395f743)
2022-09-28 17:30:46.939  1690-5495  ActivityManager         pid-1690                             V  Got obituary of 23390:com.geek.jk.calendar.app
2022-09-28 17:30:46.943   875-875   Zygote                  pid-875                              I  Process 23390 exited due to signal 9 (Killed)
2022-09-28 17:30:46.945  1690-1986  libprocessgroup         pid-1690                             I  Successfully killed process cgroup uid 10714 pid 23677 in 0ms
2022-09-28 17:30:46.952  1690-2042  OplusFeatu...Controller pid-1690                             D  mDarkLevel: 0
2022-09-28 17:30:47.593 20930-20978 Icing                   pid-20930                            I  Indexing com.google.android.gms-apps from com.google.android.gms
2022-09-28 17:30:47.605 20930-20978 Icing                   pid-20930                            I  Indexing done com.google.android.gms-apps
2022-09-28 17:30:47.609  1690-3817  OplusFeatureAOD         pid-1690                             D  shouldGoDoze = false
2022-09-28 17:30:47.684  1690-2715  OplusBpfNetworkStats    pid-1690                             D  succ update config 1,10095,2 over
2022-09-28 17:30:47.758  9232-9293  IHansComunication       pid-9232                             D  HansComunication::configCheckedUid-- 10265, type = 0
2022-09-28 17:30:47.758  9232-9293  IHansComunication       pid-9232                             D  HANS sendMessageToKernel: threadId = 544074304688, netLinkSetup = 1, type = FROZEN_TRANS, targetUid = 10265, pkgCmd = PKG_CMD_MAX
2022-09-28 17:30:47.776 13944-7014  MSF.C.NetConnTag.true   pid-13944                            D  open /120.232.18.27:8080 failed connError_refused costTime: 1105 configTimeout: 20000 noneProxy cross:0
2022-09-28 17:30:47.778 13944-7014  MSF.D.NetworkProvider   pid-13944                            I  refresh currentAPN:3gnet. received networkInfo: CONNECTED :NetworkInfo: type: MOBILE[NR], state: CONNECTED/CONNECTED, reason: (unspecified), extra: 3g, roaming: false, failover: false, isAvailable: true, isConnectedToProvisioningNetwork: true. ExtraNetInfo: null
2022-09-28 17:30:47.780 13944-7014  MSF.C.NetConnTag.true   pid-13944                            D  try open Conn OSwzPz8sf3VlcmVjdGpwb2RyY3ptb39ufnBzYGxodWtwc2plYGp1YCwiPCc/Yn9ge3k2NTYrIA noneProxy net:1 cross:0 protocalsocket
2022-09-28 17:30:47.780 13944-14124 MSF.S.AppProcessManager pid-13944                            I  SendToApp PUSH process:com.tencent.mobileqq fromServiceMsg: FromServiceMsg msName:onConnWeakNetNew ssoSeq:-1 serviceCmd:cmd_connWeakNet_New appSeq:19944 failCode:0 cost = 0 needBoot=false from.len = 0
2022-09-28 17:30:47.781 13322-15726 MSF.D.Proxy             pid-13322                            D  onRecvServicePushResp, fromServiceMsg cmd = cmd_connWeakNet_New, ssoSeq = -1, length = 0
2022-09-28 17:30:47.782 13944-14124 MSF.S.AppProcessManager pid-13944                            I  SendToApp PUSH process:com.tencent.mobileqq:gameservice fromServiceMsg: FromServiceMsg msName:onConnWeakNetNew ssoSeq:-1 serviceCmd:cmd_connWeakNet_New appSeq:19944 failCode:0 cost = 0 needBoot=false from.len = 0
2022-09-28 17:30:47.782 24268-24284 MSF.D.Proxy             pid-24268                            D  onRecvServicePushResp, fromServiceMsg cmd = cmd_connWeakNet_New, ssoSeq = -1, length = 0
2022-09-28 17:30:47.958  1690-3330  OplusHansManager        pid-1690                             I  uid=10388, pkg=com.tencent.mobileqq can transition from M to F
2022-09-28 17:30:47.958  1690-3330  OplusHansManager        pid-1690                             I  uid=10388, pkg=com.tencent.mobileqq F enter()
2022-09-28 17:30:47.968 13944-14088 Settings                pid-13944                            W  Setting airplane_mode_on has moved from android.provider.Settings.System to android.provider.Settings.Global, returning read-only value.
2022-09-28 17:30:47.971 13944-14088 Settings                pid-13944                            W  Setting airplane_mode_on has moved from android.provider.Settings.System to android.provider.Settings.Global, returning read-only value.
2022-09-28 17:30:47.972 13944-14088 Settings                pid-13944                            W  Setting airplane_mode_on has moved from android.provider.Settings.System to android.provider.Settings.Global, returning read-only value.
2022-09-28 17:30:47.980  1690-3330  OplusHansManager        pid-1690                             I  freeze uid: 10388 com.tencent.mobileqq pids: [24268, 13944, 13322] scene: LcdOn
2022-09-28 17:30:47.981  9232-9293  IHansComunication       pid-9232                             D  HansComunication::addUid-- 10388
2022-09-28 17:30:47.981  9232-9293  IHansComunication       pid-9232                             D  HANS sendMessageToKernel: threadId = 544074304688, netLinkSetup = 1, type = PKG, targetUid = 10388, pkgCmd = ADD_ONE_UID
2022-09-28 17:30:47.982  1690-3337  OplusHansManager        pid-1690                             I  p_BC uid=10388 pkg=com.tencent.mobileqq
2022-09-28 17:30:48.037  9232-9287  IHansComunication       pid-9232                             E  HANS printMessageBody: RCVed message body: type = 0, port = 86870, caller_pid = 1690, caller_uid = 1000, target_pid = 24268, target_uid = 10388, pkg_cmd = -1
2022-09-28 17:30:48.053 13944-14088 Settings                pid-13944                            W  Setting airplane_mode_on has moved from android.provider.Settings.System to android.provider.Settings.Global, returning read-only value.
2022-09-28 17:30:48.053  1690-3333  OplusHansManager        pid-1690                             I  unfreeze uid: 10388 com.tencent.mobileqq pids: [24268, 13944, 13322] reason: AsyncBinder scene: LcdOn
2022-09-28 17:30:48.055  1690-3330  OplusHansManager        pid-1690                             I  uid=10388, pkg=com.tencent.mobileqq, transition from Frozen to Middle, reason=AsyncBinder
2022-09-28 17:30:48.055  1690-3330  OplusHansManager        pid-1690                             I  uid=10388, pkg=com.tencent.mobileqq F exit(), reason=AsyncBinder
2022-09-28 17:30:48.055  1690-3337  OplusHansManager        pid-1690                             I  up_BC uid=10388 pkg=com.tencent.mobileqq
2022-09-28 17:30:48.055  1690-3337  OplusHansManager        pid-1690                             I  up_alarm 10388
2022-09-28 17:30:48.055  1690-4524  OplusProxyWakeLock      pid-1690                             D  remove uid: 10388 wiht all pids from wakelockUidInfo list
2022-09-28 17:30:48.063 13944-14088 Settings                pid-13944                            W  Setting airplane_mode_on has moved from android.provider.Settings.System to android.provider.Settings.Global, returning read-only value.
2022-09-28 17:30:48.064 13944-14088 Settings                pid-13944                            W  Setting airplane_mode_on has moved from android.provider.Settings.System to android.provider.Settings.Global, returning read-only value.
2022-09-28 17:30:48.065 13944-14088 Settings                pid-13944                            W  Setting airplane_mode_on has moved from android.provider.Settings.System to android.provider.Settings.Global, returning read-only value.
2022-09-28 17:30:48.067 13944-14088 Settings                pid-13944                            W  Setting airplane_mode_on has moved from android.provider.Settings.System to android.provider.Settings.Global, returning read-only value.
2022-09-28 17:30:48.068 13944-14088 Settings                pid-13944                            W  Setting airplane_mode_on has moved from android.provider.Settings.System to android.provider.Settings.Global, returning read-only value.
2022-09-28 17:30:48.069 13944-14088 Settings                pid-13944                            W  Setting airplane_mode_on has moved from android.provider.Settings.System to android.provider.Settings.Global, returning read-only value.
2022-09-28 17:30:48.178  1690-2042  OplusFeatu...Controller pid-1690                             D  mDarkLevel: 0
2022-09-28 17:30:48.895  9232-9287  IHansComunication       pid-9232                             E  HANS printMessageBody: RCVed message body: type = 4, port = 86870, caller_pid = -1, caller_uid = -1, target_pid = -1, target_uid = 10388, pkg_cmd = -1
2022-09-28 17:30:48.897 13944-7014  MSF.C.NetConnTag.true   pid-13944                            D  open /157.255.13.77:443 failed connError_refused costTime: 1116 configTimeout: 20000 noneProxy cross:0
2022-09-28 17:30:48.897 22825-22825 adbd                    pid-22825                            W  timeout expired while flushing socket, closing
2022-09-28 17:30:48.901 13944-7014  MSF.D.NetworkProvider   pid-13944                            I  refresh currentAPN:3gnet. received networkInfo: CONNECTED :NetworkInfo: type: MOBILE[NR], state: CONNECTED/CONNECTED, reason: (unspecified), extra: 3g, roaming: false, failover: false, isAvailable: true, isConnectedToProvisioningNetwork: true. ExtraNetInfo: null
2022-09-28 17:30:48.904 13944-7014  MSF.C.NetConnTag.true   pid-13944                            D  try open Conn OSwzPz8sf3VlcWBndGp1b2RxZWF0anducHtgbGp7cWx6c2ALbm51angcZGJqaHIFfnVgZGsHcWx6c2NuamJ0YHhzajI7NDY/cHlqZWA+JDY5Jg noneProxy net:1 cross:0 protocalsocket
2022-09-28 17:30:48.905 13944-14124 MSF.S.AppProcessManager pid-13944                            I  SendToApp PUSH process:com.tencent.mobileqq fromServiceMsg: FromServiceMsg msName:onConnWeakNetNew ssoSeq:-1 serviceCmd:cmd_connWeakNet_New appSeq:19945 failCode:0 cost = 0 needBoot=false from.len = 0
2022-09-28 17:30:48.906 13322-15726 MSF.D.Proxy             pid-13322                            D  onRecvServicePushResp, fromServiceMsg cmd = cmd_connWeakNet_New, ssoSeq = -1, length = 0
2022-09-28 17:30:48.908 13944-14124 MSF.S.AppProcessManager pid-13944                            I  SendToApp PUSH process:com.tencent.mobileqq:gameservice fromServiceMsg: FromServiceMsg msName:onConnWeakNetNew ssoSeq:-1 serviceCmd:cmd_connWeakNet_New appSeq:19945 failCode:0 cost = 0 needBoot=false from.len = 0
2022-09-28 17:30:48.909 24268-24287 MSF.D.Proxy             pid-24268                            D  onRecvServicePushResp, fromServiceMsg cmd = cmd_connWeakNet_New, ssoSeq = -1, length = 0
2022-09-28 17:30:49.274  1690-3330  OplusHansManager        pid-1690                             I  uid=10236, pkg=com.coloros.shortcuts can transition from R to M
2022-09-28 17:30:49.275  1690-3330  OplusHansManager        pid-1690                             I  uid=10236, pkg=com.coloros.shortcuts M enter()
2022-09-28 17:30:49.275  1690-3337  OplusHansManager        pid-1690                             I  p_service: 10236
2022-09-28 17:30:49.480  1690-2042  OplusFeatureAOD         pid-1690                             D  shouldGoDoze = false
2022-09-28 17:30:49.493  1690-3330  OplusHansManager        pid-1690                             I  uid=10245, pkg=com.coloros.familyguard can transition from R to M
2022-09-28 17:30:49.493  1690-3330  OplusHansManager        pid-1690                             I  uid=10245, pkg=com.coloros.familyguard M enter()
2022-09-28 17:30:49.605  1690-2042  OplusFeatu...Controller pid-1690                             D  mDarkLevel: 0
2022-09-28 17:30:49.728  1690-2715  OplusNetworkStatsNative pid-1690                             E  bpfGetAppPurStatsTotal return 0
2022-09-28 17:30:49.984  9232-9293  IHansComunication       pid-9232                             D  HansComunication::configCheckedUid-- 10388, type = 0
2022-09-28 17:30:49.984  9232-9293  IHansComunication       pid-9232                             D  HANS sendMessageToKernel: threadId = 544074304688, netLinkSetup = 1, type = FROZEN_TRANS, targetUid = 10388, pkgCmd = PKG_CMD_MAX
2022-09-28 17:30:50.020 13944-7014  MSF.C.NetConnTag.true   pid-13944                            D  open /203.205.255.224:8080 failed connError_refused costTime: 1106 configTimeout: 20000 noneProxy cross:0
2022-09-28 17:30:50.020 13944-7014  MSF.C.NetC...ntext.true pid-13944                            D  onNextState connId = 0, connState = Socket error, preState = Socket connecting, remainTime = 10000
2022-09-28 17:30:50.020 13944-7014  MSF.C.NetC...ntext.true pid-13944                            D  removeConnectionChecker: remove connId = 0
2022-09-28 17:30:50.020 13944-7014  MSF.C.NetConnTag.true   pid-13944                            D  pool-4-thread-2 closeConn closeByPeerWinConnection
2022-09-28 17:30:50.020 13944-7014  MSF.C.NetC...ntext.true pid-13944                            D   onEnd : -1
2022-09-28 17:30:50.021 13944-7014  MSF.C.NetC...ntext.true pid-13944                            D  removeConnectionChecker: remove connId = 0
2022-09-28 17:30:50.021 13944-7014  MSF.C.NetC...ntext.true pid-13944                            D  removeConnectionChecker: remove connId = 1
2022-09-28 17:30:50.022 13944-14090 NetworkMonitor          pid-13944                            E  [getNetworkInterfaces] invoke
                                                                                                    java.lang.Throwable
                                                                                                    	at com.tencent.mobileqq.qmethodmonitor.monitor.NetworkMonitor.getNetworkInterfaces(P:30)
                                                                                                    	at com.tencent.mobileqq.msf.core.p.n(P:611)
                                                                                                    	at com.tencent.mobileqq.msf.core.d.i.a(P:955)
                                                                                                    	at com.tencent.mobileqq.msf.core.net.n.a(P:510)
                                                                                                    	at com.tencent.mobileqq.msf.core.net.n.q(P:336)
                                                                                                    	at com.tencent.mobileqq.msf.core.net.n.a(P:1524)
                                                                                                    	at com.tencent.mobileqq.msf.core.ae$c.run(P:1870)
2022-09-28 17:30:50.022 13944-14090 PrivacyInvokeMonitor    pid-13944                            D  report switch has been closed!
2022-09-28 17:30:50.030 13944-14090 WifiDetector            pid-13944                            D  WIFI detect onWifiAllConnFailed!
2022-09-28 17:30:50.030 13944-14124 MSF.S.AppProcessManager pid-13944                            I  SendToApp PUSH process:com.tencent.mobileqq fromServiceMsg: FromServiceMsg msName:onOepnConnAllFailed ssoSeq:19947 serviceCmd:cmd_connAllFailed appSeq:19946 failCode:1000 cost = 0 needBoot=true from.len = 0
2022-09-28 17:30:50.031 13322-15726 MSF.D.Proxy             pid-13322                            D  onRecvServicePushResp, fromServiceMsg cmd = cmd_connAllFailed, ssoSeq = 19947, length = 0
2022-09-28 17:30:50.032 13944-14124 MSF.S.AppProcessManager pid-13944                            I  SendToApp PUSH process:com.tencent.mobileqq:gameservice fromServiceMsg: FromServiceMsg msName:onOepnConnAllFailed ssoSeq:19947 serviceCmd:cmd_connAllFailed appSeq:19946 failCode:1000 cost = 0 needBoot=false from.len = 0
2022-09-28 17:30:50.033 24268-24287 MSF.D.Proxy             pid-24268                            D  onRecvServicePushResp, fromServiceMsg cmd = cmd_connAllFailed, ssoSeq = 19947, length = 0
2022-09-28 17:30:50.037 13944-14090 WifiDetector            pid-13944                            D  WIFI detect start failed, wifi is not connected!
2022-09-28 17:30:50.038 13944-14090 MSF.C.NetConnTag.true   pid-13944                            D  p ok re2: 19828
2022-09-28 17:30:50.038 13944-14090 MSF.C.NetConnTag.true   pid-13944                            D  MsfCoreMsgSender closeConn writeError
2022-09-28 17:30:50.038 13944-14090 MSF.C.NetConnTag.true   pid-13944                            D  conn is already closed on writeError
2022-09-28 17:30:50.038 13944-14090 MSF.C.NetConnTag.true   pid-13944                            D  MsfCoreMsgSender closeConn writeError
2022-09-28 17:30:50.038 13944-14090 MSF.C.NetConnTag.true   pid-13944                            D  conn is already closed on writeError
2022-09-28 17:30:50.038 13944-14090 MSF.C.NetC...ntext.true pid-13944                            D   reset
2022-09-28 17:30:50.038 13944-14090 MSF.C.NetC...ntext.true pid-13944                            D  removeConnectionChecker: remove connId = 0
2022-09-28 17:30:50.038 13944-14090 MSF.C.NetC...ntext.true pid-13944                            D  removeConnectionChecker: remove connId = 1
2022-09-28 17:30:50.229  1690-2042  OplusFeatureAOD         pid-1690                             D  shouldGoDoze = false
2022-09-28 17:30:50.465  1043-1043  android.ha...ervice.qti pid-1043                             I  Sensor Name:CPU7temp: 36. prev severity:0. cur severity:0 New severity:0
2022-09-28 17:30:50.466  1043-1043  android.ha...ervice.qti pid-1043                             I  Sensor Name:CPU6temp: 35.6. prev severity:0. cur severity:0 New severity:0
2022-09-28 17:30:50.466  1043-1043  android.ha...ervice.qti pid-1043                             I  Sensor Name:CPU4temp: 35.6. prev severity:0. cur severity:0 New severity:0
2022-09-28 17:30:50.466  1043-1043  android.ha...ervice.qti pid-1043                             I  Sensor Name:CPU5temp: 36. prev severity:0. cur severity:0 New severity:0
2022-09-28 17:30:50.466  1043-1043  android.ha...ervice.qti pid-1043                             I  Sensor Name:CPU1temp: 36.4. prev severity:0. cur severity:0 New severity:0
2022-09-28 17:30:50.466  1043-1043  android.ha...ervice.qti pid-1043                             I  Sensor Name:CPU3temp: 36. prev severity:0. cur severity:0 New severity:0
2022-09-28 17:30:50.467  1043-1043  android.ha...ervice.qti pid-1043                             I  Sensor Name:CPU2temp: 36.4. prev severity:0. cur severity:0 New severity:0
2022-09-28 17:30:50.467  1043-1043  android.ha...ervice.qti pid-1043                             I  Sensor Name:CPU0temp: 36.4. prev severity:0. cur severity:0 New severity:0
2022-09-28 17:30:50.470  1043-1043  android.ha...ervice.qti pid-1043                             I  Sensor Name:batterytemp: 32.6. prev severity:0. cur severity:0 New severity:0
