2022-09-28 17:30:45.244  3451-4501  PhoneInterfaceManager   pid-3451                             D  [PhoneIntfMgr] QueryTelephonyChecker-getNetworkTypeForSubscriber: packageName = com.geek.jk.calendar.app, isGrant = true
2022-09-28 17:30:45.259  1690-1990  Compatibil...geReporter pid-1690                             D  Compat change id reported: 135634846; UID 10192; state: DISABLED
2022-09-28 17:30:45.259  1690-1990  Compatibil...geReporter pid-1690                             D  Compat change id reported: 177438394; UID 10192; state: DISABLED
2022-09-28 17:30:45.259  1690-1990  Compatibil...geReporter pid-1690                             D  Compat change id reported: 135772972; UID 10192; state: DISABLED
2022-09-28 17:30:45.260  1690-1990  Compatibil...geReporter pid-1690                             D  Compat change id reported: 135754954; UID 10192; state: ENABLED
2022-09-28 17:30:45.260  1690-1982  Compatibil...geReporter pid-1690                             D  Compat change id reported: 143937733; UID 10192; state: ENABLED
2022-09-28 17:30:45.268  1690-4140  OplusFeatureAOD         pid-1690                             D  shouldGoDoze = false
2022-09-28 17:30:45.275   874-874   Zygote                  pid-874                              D  Forked child process 24754
2022-09-28 17:30:45.276  1690-1982  ActivityManager         pid-1690                             I  Start proc 24754:com.coloros.securepay/u0a192 for broadcast {com.coloros.securepay/com.coloros.securepay.SecurePayReceiver}
2022-09-28 17:30:45.283 24754-24754 loros.securepa          pid-24754                            E  Unknown bits set in runtime_flags: 0x40000000
2022-09-28 17:30:45.286 24754-24754 loros.securepa          pid-24754                            E  Not starting debugger since process cannot load the jdwp agent.
2022-09-28 17:30:45.288 24754-24754 ProcessState            pid-24754                            D  Binder ioctl to enable oneway spam detection failed: Invalid argument
2022-09-28 17:30:45.290 24754-24754 OneTrace                pid-24754                            I  Mark active for pid=24754? true
2022-09-28 17:30:45.290 24754-24754 cutils-dev              pid-24754                            D  otrace_set_tracing_enabled? true
2022-09-28 17:30:45.297 24754-24754 cutils-dev              pid-24754                            D  properties changed in otrace_seq_number_changed!
2022-09-28 17:30:45.301 24754-24754 Compatibil...geReporter pid-24754                            D  Compat change id reported: 171979766; UID 10192; state: ENABLED
2022-09-28 17:30:45.301 24754-24754 oplus.andr...actoryImpl pid-24754                            I  get feature:IOplusAutoResolutionFeature
2022-09-28 17:30:45.301 24754-24754 oplus.andr...actoryImpl pid-24754                            I  getOplusAutoResolutionFeature
2022-09-28 17:30:45.313 24754-24754 LoadedApk               pid-24754                            D  mApplicationInfo overrideDisplayId:null
2022-09-28 17:30:45.324 24754-24754 nativeloader            pid-24754                            D  classloader namespace configured for unbundled product apk. library_path=/product/app/SecurePay/lib/arm64:/product/lib64:/system/product/lib64
2022-09-28 17:30:45.363 24754-24754 Quality                 pid-24754                            I  LaunchTime2.0: com.coloros.securepay createOrUpdateClassLoaderLocked took time: 50
2022-09-28 17:30:45.375 24754-24754 GraphicsEnvironment     pid-24754                            V  ANGLE Developer option for 'com.coloros.securepay' set to: 'default'
2022-09-28 17:30:45.377 24754-24754 NetworkSecurityConfig   pid-24754                            D  No Network Security Config specified, using platform default
2022-09-28 17:30:45.377 24754-24754 NetworkSecurityConfig   pid-24754                            D  No Network Security Config specified, using platform default
2022-09-28 17:30:45.415 24754-24754 OplusFeatureCache       pid-24754                            I  Milliseconds spent on init(): 10
2022-09-28 17:30:45.415 24754-24754 OplusFeatureCache       pid-24754                            E  invalid oplus feature oplus.hardware.type.tablet
2022-09-28 17:30:45.420 24754-24754 Quality                 pid-24754                            I  BindApplication: com.coloros.securepay
2022-09-28 17:30:45.420 24754-24754 SecurePay               pid-24754                            I  SecurePayLog, IS_QE_LOG_ON = false, IS_QE_LOG_ON_MTK = false, IS_DEBUG_TAG_ON = false
2022-09-28 17:30:45.424  1690-3580  PackageManager          pid-1690                             W  package unknown uid 10192 pid 24754 call SetEnabledSetting(com.coloros.securepay component = androidx.work.impl.background.systemjob.SystemJobService, 1, 0x1, 0)
2022-09-28 17:30:45.442 24754-24774 Compatibil...geReporter pid-24754                            D  Compat change id reported: 160794467; UID 10192; state: ENABLED
2022-09-28 17:30:45.452  1690-3580  PackageManager          pid-1690                             W  package unknown uid 10192 pid 24754 call SetEnabledSetting(com.coloros.securepay component = androidx.work.impl.background.systemalarm.RescheduleReceiver, 1, 0x1, 0)
2022-09-28 17:30:45.474  1690-1690  OplusFeatureAOD         pid-1690                             D  shouldGoDoze = false
2022-09-28 17:30:45.482 24754-24774 WM-WorkerWrapper        pid-24754                            I  Worker result SUCCESS for Work [ id=fb14a84d-48a7-45d2-8096-260a180438a9, tags={ com.coloros.securepay.SecurePayWork } ]
2022-09-28 17:30:45.483  1690-3580  PackageManager          pid-1690                             W  package unknown uid 10192 pid 24754 call SetEnabledSetting(com.coloros.securepay component = androidx.work.impl.background.systemalarm.RescheduleReceiver, 2, 0x1, 0)
2022-09-28 17:30:45.484  1690-3580  OplusFeatureAOD         pid-1690                             D  shouldGoDoze = false
2022-09-28 17:30:45.497  1043-1043  android.ha...ervice.qti pid-1043                             I  Sensor Name:batterytemp: 32.6. prev severity:0. cur severity:0 New severity:0
2022-09-28 17:30:45.497  1043-1043  android.ha...ervice.qti pid-1043                             I  Sensor Name:GPU0temp: 37.2. prev severity:0. cur severity:0 New severity:0
2022-09-28 17:30:45.497  1043-1043  android.ha...ervice.qti pid-1043                             I  Sensor Name:CPU7temp: 39.1. prev severity:0. cur severity:0 New severity:0
2022-09-28 17:30:45.498  1043-1043  android.ha...ervice.qti pid-1043                             I  Sensor Name:shell_fronttemp: 33.848. prev severity:0. cur severity:0 New severity:0
2022-09-28 17:30:45.498  1043-1043  android.ha...ervice.qti pid-1043                             I  Sensor Name:CPU6temp: 39.1. prev severity:0. cur severity:0 New severity:0
2022-09-28 17:30:45.498  1043-1043  android.ha...ervice.qti pid-1043                             I  Sensor Name:GPU1temp: 38.9. prev severity:0. cur severity:0 New severity:0
2022-09-28 17:30:45.498  1043-1043  android.ha...ervice.qti pid-1043                             I  Sensor Name:shell_backtemp: 32.401. prev severity:0. cur severity:0 New severity:0
2022-09-28 17:30:45.498  1043-1043  android.ha...ervice.qti pid-1043                             I  Sensor Name:CPU4temp: 38.7. prev severity:0. cur severity:0 New severity:0
2022-09-28 17:30:45.498  1043-1043  android.ha...ervice.qti pid-1043                             I  Sensor Name:CPU5temp: 39.9. prev severity:0. cur severity:0 New severity:0
2022-09-28 17:30:45.498  1043-1043  android.ha...ervice.qti pid-1043                             I  Sensor Name:CPU1temp: 40.7. prev severity:0. cur severity:0 New severity:0
2022-09-28 17:30:45.498  1043-1043  android.ha...ervice.qti pid-1043                             I  Sensor Name:CPU3temp: 39.9. prev severity:0. cur severity:0 New severity:0
2022-09-28 17:30:45.498  1043-1043  android.ha...ervice.qti pid-1043                             I  Sensor Name:CPU2temp: 40.3. prev severity:0. cur severity:0 New severity:0
2022-09-28 17:30:45.499  1043-1043  android.ha...ervice.qti pid-1043                             I  Sensor Name:shell_frametemp: 33.504. prev severity:0. cur severity:0 New severity:0
2022-09-28 17:30:45.500  1043-1043  android.ha...ervice.qti pid-1043                             I  Sensor Name:skintemp: 35.75. prev severity:3. cur severity:0 New severity:0
2022-09-28 17:30:45.500  1043-1043  android.ha...ervice.qti pid-1043                             I  Sensor Name:CPU0temp: 40.3. prev severity:0. cur severity:0 New severity:0
2022-09-28 17:30:45.557 23677-24780 JIGUANG-JCore           com.geek.jk.calendar.app             D  [ConnTask] Open connection with ip=/122.9.126.74, port:7006
2022-09-28 17:30:45.559 13944-7013  MSF.C.NetConnTag.true   pid-13944                            D  open /240e:ff:f101:10::109:14000 failed connError_refused costTime: 1051 configTimeout: 20000 noneProxy cross:0
2022-09-28 17:30:45.560 13944-7013  MSF.C.NetC...ntext.true pid-13944                            D  onNextState connId = 1, connState = Socket error, preState = Socket connecting, remainTime = 10000
2022-09-28 17:30:45.560 13944-7013  MSF.C.NetC...ntext.true pid-13944                            D  removeConnectionChecker: remove connId = 1
2022-09-28 17:30:45.560 13944-7013  MSF.C.NetConnTag.true   pid-13944                            D  pool-4-thread-1 closeConn closeByPeerWinConnection
2022-09-28 17:30:45.569 13944-7014  MSF.C.NetConnTag.true   pid-13944                            D  open /113.96.12.224:80 failed connError_refused costTime: 1062 configTimeout: 20000 noneProxy cross:0
2022-09-28 17:30:45.572 13944-7014  MSF.D.NetworkProvider   pid-13944                            I  refresh currentAPN:3gnet. received networkInfo: CONNECTED :NetworkInfo: type: MOBILE[NR], state: CONNECTED/CONNECTED, reason: (unspecified), extra: 3g, roaming: false, failover: false, isAvailable: true, isConnectedToProvisioningNetwork: true. ExtraNetInfo: null
2022-09-28 17:30:45.573 13944-7014  MSF.C.NetConnTag.true   pid-13944                            D  try open Conn OSwzPz8sf3VlcmJkdGp2aGRyaHpsaX9rfnNgZHlsc2p6cw9gbGh1aBV3ZmRqb39qcHJqZmpiIzsmMDVuYGJ0YCwiPCc/ noneProxy net:1 cross:0 protocalsocket
2022-09-28 17:30:45.573 13944-14124 MSF.S.AppProcessManager pid-13944                            I  SendToApp PUSH process:com.tencent.mobileqq fromServiceMsg: FromServiceMsg msName:onConnWeakNetNew ssoSeq:-1 serviceCmd:cmd_connWeakNet_New appSeq:19942 failCode:0 cost = 0 needBoot=false from.len = 0
2022-09-28 17:30:45.574 13322-27048 MSF.D.Proxy             pid-13322                            D  onRecvServicePushResp, fromServiceMsg cmd = cmd_connWeakNet_New, ssoSeq = -1, length = 0
2022-09-28 17:30:45.574 13944-14124 MSF.S.AppProcessManager pid-13944                            I  SendToApp PUSH process:com.tencent.mobileqq:gameservice fromServiceMsg: FromServiceMsg msName:onConnWeakNetNew ssoSeq:-1 serviceCmd:cmd_connWeakNet_New appSeq:19942 failCode:0 cost = 0 needBoot=false from.len = 0
2022-09-28 17:30:45.575 24268-24284 MSF.D.Proxy             pid-24268                            D  onRecvServicePushResp, fromServiceMsg cmd = cmd_connWeakNet_New, ssoSeq = -1, length = 0
2022-09-28 17:30:45.675 23390-23745 crashsdk                com.geek.jk.calendar.app             I  crashsdk uploading logs
2022-09-28 17:30:45.679 23677-24065 JIGUANG-JCore           com.geek.jk.calendar.app             D  [ConnectingHelper] udp Receiving...
2022-09-28 17:30:45.731  1690-2042  OplusFeatu...Controller pid-1690                             D  mDarkLevel: 0
2022-09-28 17:30:45.736  1690-3330  OplusHansManager        pid-1690                             I  uid=10265, pkg=com.tencent.mm can transition from M to F
2022-09-28 17:30:45.736  1690-3330  OplusHansManager        pid-1690                             I  uid=10265, pkg=com.tencent.mm F enter()
2022-09-28 17:30:45.753  1690-3330  OplusHansManager        pid-1690                             I  freeze uid: 10265 com.tencent.mm pids: [26036, 14281, 13687, 25081] scene: LcdOn
2022-09-28 17:30:45.755  1690-3337  OplusHansManager        pid-1690                             I  p_BC uid=10265 pkg=com.tencent.mm
2022-09-28 17:30:45.755  9232-9293  IHansComunication       pid-9232                             D  HansComunication::addUid-- 10265
2022-09-28 17:30:45.755  9232-9293  IHansComunication       pid-9232                             D  HANS sendMessageToKernel: threadId = 544074304688, netLinkSetup = 1, type = PKG, targetUid = 10265, pkgCmd = ADD_ONE_UID
2022-09-28 17:30:45.890  1116-1375  VRR [OTI]               pid-1116                             D  handleIdle from 0 to 1
2022-09-28 17:30:45.891  1116-1375  VRR [OTI-HW]            pid-1116                             D  isStateReady 1
2022-09-28 17:30:45.891  1116-1375  VRR [OTI-HW]            pid-1116                             D  rate range: min {id=0, hwcId=0, fps=60.00, width=1080, height=2400 group=0} cur {id=1, hwcId=1, fps=90.00, width=1080, height=2400 group=0} max {id=1, hwcId=1, fps=90.00, width=1080, height=2400 group=0}
2022-09-28 17:30:45.891  1116-1375  VRR [Grayscale]         pid-1116                             D  isGray took 0 ms
2022-09-28 17:30:45.891  1116-1375  VRR [OTI-HW]            pid-1116                             D  current content is sunny, set oti rate .
2022-09-28 17:30:45.891  1116-1375  SurfaceFlinger          pid-1116                             D  VRR [SurfaceFlinger] changeRefreshRateLocked: 60.00fps event: 1
2022-09-28 17:30:45.891  1116-1375  SurfaceFlinger          pid-1116                             D  VRR [SurfaceFlinger] setDesiredActiveMode: 60.00fps event: 1
2022-09-28 17:30:45.891  1116-1375  OPE-[OPlus...rfConfigs] pid-1116                             I  isRightContentFps 60
2022-09-28 17:30:45.892  1053-1053  vendor.qti....2-service pid-1053                             E  Unknown params
2022-09-28 17:30:45.905  1051-1276  SDM                     pid-1051                             I  HWDeviceDRM::UpdateMixerAttributes: Mixer WxH 1080x2400-1 for Peripheral
2022-09-28 17:30:45.905  1051-1276  SDM                     pid-1051                             I  StrategyImpl::SetIdleTimeoutMs: Idle timeout set to zero for command mode panels
2022-09-28 17:30:45.905  1051-1276  SDM                     pid-1051                             I  HWCDisplay::SubmitDisplayConfig: HWC SetActiveConfig [1,0], cur_resolution is (1080, 2400), new_resolution is (1080, 2400)
2022-09-28 17:30:45.905  1051-1276  SDM                     pid-1051                             I  HWCDisplay::SubmitDisplayConfig: Active configuration changed to: 0
2022-09-28 17:30:45.958  1116-1116  SurfaceFlinger          pid-1116                             D  frame_rate=60
2022-09-28 17:30:45.958  1081-1081  PerformanceService      pid-1081                             D  setFrameRate sucess,frame_rate=60
2022-09-28 17:30:45.958  1116-1375  VRR [OTI-HW]            pid-1116                             D  isStateReady 1
2022-09-28 17:30:45.958  1116-1375  VRR [OTI-HW]            pid-1116                             D  rate range: min {id=0, hwcId=0, fps=60.00, width=1080, height=2400 group=0} cur {id=0, hwcId=0, fps=60.00, width=1080, height=2400 group=0} max {id=1, hwcId=1, fps=90.00, width=1080, height=2400 group=0}
2022-09-28 17:30:45.959  1116-1375  VRR [OTI-HW]            pid-1116                             D  keep rate.
2022-09-28 17:30:45.959  1690-2055  VRR [OPlus...teService] pid-1690                             D  onConfigChanged physicalDisplayId: 4630946950956839809 modeId: 0
2022-09-28 17:30:45.960  1690-1966  libc                    pid-1690                             W  Access denied finding property "vendor.display.disable_rounded_corner"
2022-09-28 17:30:45.962  1690-1966  DisplayDeviceRepository pid-1690                             I  Display device changed: DisplayDeviceInfo{"内置屏幕": uniqueId="local:4630946950956839809", 1080 x 2400, modeId 1, defaultModeId 1, supportedModes [{id=1, width=1080, height=2400, fps=60.000004, alternativeRefreshRates=[90.0]}, {id=2, width=1080, height=2400, fps=90.0, alternativeRefreshRates=[60.000004]}], colorMode 0, supportedColorModes [0, 7, 9], hdrCapabilities HdrCapabilities{mSupportedHdrTypes=[2, 3, 4], mMaxLuminance=430.0, mMaxAverageLuminance=215.05115, mMinLuminance=0.1023}, allmSupported false, gameContentTypeSupported false, density 480, 403.411 x 401.052 dpi, appVsyncOff 1000000, presDeadline 16666666, cutout DisplayCutout{insets=Rect(0, 107 - 0, 0) waterfall=Insets{left=0, top=0, right=0, bottom=0} boundingRect={Bounds=[Rect(0, 0 - 0, 0), Rect(0, 0 - 150, 107), Rect(0, 0 - 0, 0), Rect(0, 0 - 0, 0)]} cutoutPathParserInfo={CutoutPathParserInfo{displayWidth=1080 displayHeight=2400 density={3.0} cutoutSpec={M -540,0 L -540,107 L -390,107 L -390,0 Z} rotation={0} scale={1.0}}}}, touch INTERNAL, rotation 0, type INTERNAL, address {port=129, model=0x40446db75175f3}, deviceProductInfo DeviceProductInfo{name=, manufacturerPnpId=QCM, productId=1, modelYear=null, manufactureDate=ManufactureDate{week=27, year=2006}, connectionToSinkType=0}, state ON, frameRateOverride , brightnessMinimum 0.0, brightnessMaximum 1.0, brightnessDefault 400.0, FLAG_DEFAULT_DISPLAY, FLAG_ROTATES_WITH_CONTENT, FLAG_SECURE, FLAG_SUPPORTS_PROTECTED_BUFFERS}
2022-09-28 17:30:45.966  1690-1966  DisplayManagerService   pid-1690                             D  Delivering display event: displayId=0, event=2
2022-09-28 17:30:45.970  1690-1690  WallpaperM...ServiceExt pid-1690                             I  removeDisplayData. displayId = 0
2022-09-28 17:30:45.970  1690-1690  OAppNetControlService   pid-1690                             D  Screen INTERNAL on
2022-09-28 17:30:45.978  2948-3934  ScreenDecorations       pid-2948                             D  updateOrientation mRotation:0 newRotation:0 mRtl:false newRtl:false newLayoutDirection:0 mLayoutDirection0 mPendingRotationChange:false
2022-09-28 17:30:45.982 13081-13081 OMG_Observer            pid-13081                            D  mScreenWidthDisplay = 1080, mScreenHeightDisplay = 2400normal, mRotation = 0, mOrient = 1
2022-09-28 17:30:45.983  9232-9287  IHansComunication       pid-9232                             E  HANS printMessageBody: RCVed message body: type = 0, port = 86870, caller_pid = 1690, caller_uid = 1000, target_pid = 14281, target_uid = 10265, pkg_cmd = -1
2022-09-28 17:30:45.996  1690-3333  OplusHansManager        pid-1690                             I  unfreeze uid: 10265 com.tencent.mm pids: [26036, 14281, 13687, 25081] reason: AsyncBinder scene: LcdOn
2022-09-28 17:30:45.998  1690-3330  OplusHansManager        pid-1690                             I  uid=10265, pkg=com.tencent.mm, transition from Frozen to Middle, reason=AsyncBinder
2022-09-28 17:30:45.998  1690-3330  OplusHansManager        pid-1690                             I  uid=10265, pkg=com.tencent.mm F exit(), reason=AsyncBinder
2022-09-28 17:30:45.998  1690-4524  OplusProxyWakeLock      pid-1690                             D  remove uid: 10265 wiht all pids from wakelockUidInfo list
2022-09-28 17:30:45.998  1690-3337  OplusHansManager        pid-1690                             I  up_BC uid=10265 pkg=com.tencent.mm
2022-09-28 17:30:45.998  1690-3337  OplusHansManager        pid-1690                             I  up_alarm 10265
2022-09-28 17:30:46.061  1690-2055  VRR [OPlus...teService] pid-1690                             D  handleConfigIdChange physicalDisplayId: 4630946950956839809 configId: 0
2022-09-28 17:30:46.283 23390-23639 >>>XNPlus               com.geek.jk.calendar.app             D  --> 定时15s了，上报数据库中事件！
2022-09-28 17:30:46.284 23390-23639 >>>XNPlus               com.geek.jk.calendar.app             D  15s定时器时间到,上报所有事件，发送消息，读取本地所有事件进行上报！
2022-09-28 17:30:46.299 23390-24699 >>>XNPlus               com.geek.jk.calendar.app             D  准备开始过滤上报事件，但配置文件未解析完成或过滤条件为空，不执行过滤！
2022-09-28 17:30:46.300 23390-24699 >>>XNPlus               com.geek.jk.calendar.app             D  准备发送数据，一共30条，开始上报！上报的类型=上报实时和非实时事件++++https://testrealtimeaidataprobe.openxiaoniu.com/realtimeaidataprobe
2022-09-28 17:30:46.325 23390-24699 >>>XNPlus               com.geek.jk.calendar.app             D  准备发送数据，sendData:{"common":{"android_id":"7c80acd6e440d897","app_id":"133901","cdid":"DUnZ43QJx1eF8-ZYdveD1M_x7316PflcGt1fRFVuWjQzUUp4MWVGOC1aWWR2ZUQxTV94NzMxNlBmbGNHdDFmc2h1","extra_common_map":{"channel_name":"","app_version_code":"51","old_uuid_inner":"7c80acd6e440d897_CE9C9EA7498C4F729FAD5FE70A18D409b61c6a06fda42e70983b369025ece843","package_name":"com.geek.jk.calendar.app","brand":"OPPO"},"local_device_id":"91e1a364457f2a5525c14806ea72ed67","manufacturer":"OPPO","market_name":"xincheng_test","message_id":"1","oaid":"CE9C9EA7498C4F729FAD5FE70A18D409b61c6a06fda42e70983b369025ece843","old_uuid":"","os_system":"1","os_version":"12","phone_model":"PDHM00","product_name":"1339","screen_height":"2245","screen_width":"1080","serial_number":"unknown","sim_operator_id":"46009","sim_operator_name":"China Unicom","upload_time":"2022-09-28 17:30:46.300","uuid":"1036572e16a7bb21102600e2e3faae9e49"},"events":[{"ts":"2022-09-28 15:41:45.579","event_type":"custom","event_code":"start_parameter","page_type":"android","app_version":"4.4.020_dev","sdk_version":"1.0.1.026","extra_event_map":{"1024":false},"ip":"0.0.0.0","ua":"Dalvik\/2.1.0 (Linux; U; Android 12; PDHM00 Build\/RKQ1.211103.002)","network_type":"5G"},{"ts":"2022-09-28 15:41:45.696","event_type":"custom","event_code":"start_parameter","page_type":"android","app_version":"4.4.020_dev","sdk_version":"1.0.1.026","extra_event_map":{"add_widget_a":"0","1018":"other","add_widget_b":"0","notification_weather_state":"0","add_widget_c":"0","add_widget_d":"0","notification_authority_state":"0"},"ip":"0.0.0.0","ua":"Dalvik\/2.1.0 (Linux; U; Android 12; PDHM00 Build\/RKQ1.211103.002)","network_type":"5G"},{"ts":"2022-09-28 15:41:45.821","event_type":"viewpage","event_code":"page_start","page_type":"android","app_version":"4.4.020_dev","sdk_version":"1.0.1.026","page_id":"start_cold_page","extra_event_map":{},"ip":"0.0.0.0","ua":"Dalvik\/2.1.0 (Linux; U; Android 12; PDHM00 Build\/RKQ1.211103.002)","network_type":"5G"},{"ts":"2022-09-28 15:41:45.737","event_type":"start","event_code":"app_start","page_type":"android","app_version":"4.4.020_dev","sdk_version":"1.0.1.026","event_name":"app启动","extra_event_map":{"app_current_activity_name":"com.day45.weather.splash.SplashActivity"},"ip":"0.0.0.0","ua":"Dalvik\/2.1.0 (Linux; U; Android 12; PDHM00 Build\/RKQ1.211103.002)","network_type":"5G"},{"ts":"2022-09-28 15:41:45.736","event_type":"exit","event_code":"app_end","page_type":"android","app_version":"4.4.020_dev","sdk_version":"1.0.1.026","event_name":"app退出","app_duration":11232,"extra_event_map":{},"ip":"0.0.0.0","ua":"Dalvik\/2.1.0 (Linux; U; Android 12; PDHM00 Build\/RKQ1.211103.002)","network_type":"5G"},{"ts":"2022-09-28 15:41:46.336","event_type":"viewpage","event_code":"page_end","page_type":"android","app_version":"4.4.020_dev","sdk_version":"1.0.1.026","page_id":"start_cold_page","source_page_id":"","browse_time":516,"extra_event_map":{},"ip":"0.0.0.0","ua":"Dalvik\/2.1.0 (Linux; U; Android 12; PDHM00 Build\/RKQ1.211103.002)","network_type":"5G"},{"ts":"2022-09-28 15:41:46.594","event_type":"custom","event_code":"app_start_step_ms","page_type":"android","app_version":"4.4.020_dev","sdk_version":"1.0.1.026","extra_event_map":{"1000":18,"8071":true,"8050":1,"8072":"1036572e16a7bb21102600e2e3faae9e49","8070":true,"8073":0,"8030":false,"1750":1975,"1650":1702,"9032":"CE9C9EA7498C4F729FAD5FE70A18D409b61c6a06fda42e70983b369025ece843","9033":23,"9030":true,"9031":true,"1305":578,"1800":2010,"1304":749,"1700":1702,"1303":567,"1600":1672,"1302":410,"1500":1372,"1720":1923,"1301":409,"1400":1140,"1300":345,"1200":329,"1100":180,"1306":897,"1702":1923,"1801":2095},"ip":"0.0.0.0","ua":"Dalvik\/2.1.0 (Linux; U; Android 12; PDHM00 Build\/RKQ1.211103.002)","network_type":"5G"},{"ts":"2022-09-28 15:41:46.871","event_type":"click","event_code":"tab_click","page_type":"android","app_version":"4.4.020_dev","sdk_version":"1.0.1.026","page_id":"home_page","event_name":"tab点击","element_type":"2","element_content":"首页TAB","extra_event
2022-09-28 17:30:46.472  1690-1963  CompanionD...gerService pid-1690                             D  onPackageModified(packageName = com.coloros.securepay)
2022-09-28 17:30:46.482  8397-8397  yAF.TPLog....ntReceiver pid-8397                             D  onReceive()
2022-09-28 17:30:46.491  8397-24787 yAF.TPLog....teListener pid-8397                             I  The current enabled state for com.coloros.securepay : 0
2022-09-28 17:30:46.491  8397-24787 AF.SDK.j                pid-8397                             W  no need to get internal config in third app
2022-09-28 17:30:46.493  1690-2420  InputReader             pid-1690                             I  Reconfiguring input devices, changes=KEYBOARD_LAYOUTS |
2022-09-28 17:30:46.493  8397-24787 AF.SDK.XmlReader        pid-8397                             E  No meta data found with key: AccessoryServicesLocation in com.coloros.securepay
2022-09-28 17:30:46.493  8397-24787 AF.SDK.j                pid-8397                             E  No meta data found with key:AccessoryServicesLocation
2022-09-28 17:30:46.493  8397-24787 AF.SDK.j                pid-8397                             W  configFileLocationGroup is empty,config error with com.coloros.securepay
2022-09-28 17:30:46.493  8397-24787 yAF.TPLog.FSDRegister   pid-8397                             D  no config xml but cacheServices is empty,ignore it
2022-09-28 17:30:46.495  4785-4785  AppPlatFormReceiver     pid-4785                             D  onReceive mHasRegister: true intent = action = android.*****.action.PACKAGE_CHANGED, pkg = null, flags = 1157627920
2022-09-28 17:30:46.500  4608-4608  Registered...vicesCache pid-4608                             D  Service unchanged, not updating
2022-09-28 17:30:46.516 10747-10771 Permission...erviceImpl pid-10747                            I  Updating user sensitive for uid 10192
2022-09-28 17:30:46.517  4608-5169  NfcApduServiceInfo      pid-4608                             D  No com.nxp.nfc.extensions meta-data
2022-09-28 17:30:46.517  4608-5169  NfcApduServiceInfo      pid-4608                             E  SE extension not present, Setting default offhost seID
2022-09-28 17:30:46.525  4608-4608  NfcApduServiceInfo      pid-4608                             I  nfcApdu createApduServiceInfo getConstructor
2022-09-28 17:30:46.525  4608-4608  Nfc-AidGroup            pid-4608                             D  callTargetMethod failed
2022-09-28 17:30:46.525  4608-4608  NfcAidGroup             pid-4608                             D  Non Empty aid group creation
2022-09-28 17:30:46.525  4608-4608  Nfc-AidGroup            pid-4608                             D  callTargetMethod failed
2022-09-28 17:30:46.525  4608-4608  NfcAidGroup             pid-4608                             D  Non Empty aid group creation
2022-09-28 17:30:46.525  4608-4608  NfcApduServiceInfo      pid-4608                             I  nfcApdu createApduServiceInfo getConstructor
2022-09-28 17:30:46.525  4608-4608  Nfc-AidGroup            pid-4608                             D  callTargetMethod failed
2022-09-28 17:30:46.525  4608-4608  NfcAidGroup             pid-4608                             D  Non Empty aid group creation
2022-09-28 17:30:46.525  4608-4608  Nfc-AidGroup            pid-4608                             D  callTargetMethod failed
2022-09-28 17:30:46.525  4608-4608  NfcAidGroup             pid-4608                             D  Non Empty aid group creation
2022-09-28 17:30:46.525  4608-4608  NfcApduServiceInfo      pid-4608                             I  nfcApdu createApduServiceInfo getConstructor
2022-09-28 17:30:46.525  4608-4608  Nfc-AidGroup            pid-4608                             D  callTargetMethod failed
2022-09-28 17:30:46.525  4608-4608  NfcAidGroup             pid-4608                             D  Non Empty aid group creation
2022-09-28 17:30:46.525  4608-4608  Nfc-AidGroup            pid-4608                             D  callTargetMethod failed
2022-09-28 17:30:46.525  4608-4608  NfcAidGroup             pid-4608                             D  Non Empty aid group creation
2022-09-28 17:30:46.525  4608-4608  NfcApduServiceInfo      pid-4608                             I  nfcApdu createApduServiceInfo getConstructor
2022-09-28 17:30:46.525  4608-4608  Nfc-AidGroup            pid-4608                             D  callTargetMethod failed
2022-09-28 17:30:46.525  4608-4608  NfcAidGroup             pid-4608                             D  Non Empty aid group creation
2022-09-28 17:30:46.526  4608-4608  Nfc-AidGroup            pid-4608                             D  callTargetMethod failed
2022-09-28 17:30:46.526  4608-4608  NfcAidGroup             pid-4608                             D  Non Empty aid group creation
2022-09-28 17:30:46.526  4608-4608  NfcApduServiceInfo      pid-4608                             I  nfcApdu createApduServiceInfo getConstructor
2022-09-28 17:30:46.526  4608-4608  Nfc-AidGroup            pid-4608                             D  callTargetMethod failed
2022-09-28 17:30:46.526  4608-4608  NfcAidGroup             pid-4608                             D  Non Empty aid group creation
2022-09-28 17:30:46.526  4608-4608  Nfc-AidGroup            pid-4608                             D  callTargetMethod failed
2022-09-28 17:30:46.526  4608-4608  NfcAidGroup             pid-4608                             D  Non Empty aid group creation
2022-09-28 17:30:46.535  3451-3451  PhoneInterfaceManager   pid-3451                             E  [PhoneIntfMgr] getCarrierPackageNamesForIntentAndPhone: No UICC
2022-09-28 17:30:46.535  3451-3451  CarrierSvcBindHelper    pid-3451                             D  No carrier app for: 0
2022-09-28 17:30:46.535  1690-5396  OplusFeatureAOD         pid-1690                             D  shouldGoDoze = false
2022-09-28 17:30:46.536  3451-3451  CarrierSvcBindHelper    pid-3451                             D  No carrier app for: 1
2022-09-28 17:30:46.536  3451-3451  ImsResolver             pid-3451                             D  maybeAddedImsService, packageName: com.coloros.securepay
2022-09-28 17:30:46.543  1690-5396  OplusFeatureAOD         pid-1690                             D  shouldGoDoze = false
2022-09-28 17:30:46.549  1690-3609  OplusFeatureAOD         pid-1690                             D  shouldGoDoze = false
2022-09-28 17:30:46.552 32004-24796 Fitness                 pid-32004                            I  OnPackageChangedOperation got intent: Intent { act=android.intent.action.PACKAGE_CHANGED dat=package:com.coloros.securepay flg=0x45000010 pkg=com.google.android.gms cmp=com.google.android.gms/.chimera.PersistentIntentOperationService (has extras) } [CONTEXT service_id=17 ]
2022-09-28 17:30:46.552  1690-3580  OplusFeatureAOD         pid-1690                             D  shouldGoDoze = false
2022-09-28 17:30:46.557 32004-24788 Fitness                 pid-32004                            I  FitCleanupIntentOperation received Intent android.intent.action.PACKAGE_CHANGED [CONTEXT service_id=17 ]
2022-09-28 17:30:46.563  1690-2914  OplusFeatureAOD         pid-1690                             D  shouldGoDoze = false
2022-09-28 17:30:46.567 20930-21005 Icing                   pid-20930                            I  IndexChimeraService.getServiceInterface callingPackage=com.google.android.gms componentName=AppsCorpus serviceId=36
2022-09-28 17:30:46.569  1690-5943  OplusFeatureAOD         pid-1690                             D  shouldGoDoze = false
2022-09-28 17:30:46.576  1690-3817  OplusFeatureAOD         pid-1690                             D  shouldGoDoze = false
2022-09-28 17:30:46.577 20930-20978 Icing                   pid-20930                            W  No valid account for uploading user actions
2022-09-28 17:30:46.579 20930-21000 Icing                   pid-20930                            I  IndexChimeraService.getServiceInterface callingPackage=com.google.android.gms componentName=null serviceId=30
2022-09-28 17:30:46.580  1690-5396  OplusFeatureAOD         pid-1690                             D  shouldGoDoze = false
2022-09-28 17:30:46.580  1690-5396  OplusFeatureAOD         pid-1690                             D  shouldGoDoze = false
2022-09-28 17:30:46.582 32004-32084 ChimeraUtils            pid-32004                            W  Module com.google.android.gms.nearby_en has empty metadata display_name_string_id
2022-09-28 17:30:46.582 32004-32084 ChimeraUtils            pid-32004                            W  Module com.google.android.gms.nearby_en has empty metadata display_name_string_id
2022-09-28 17:30:46.589  1690-5943  UsageStatsService       pid-1690                             D  User[0] type=0 b=1664357432447 e=1664357446580 cb=1664344789050 ce=1664357446504 disk=0 all=10
2022-09-28 17:30:46.590 20930-20978 Icing                   pid-20930                            I  Usage reports ok 0, Failed Usage reports 0, indexed 0, rejected 0
2022-09-28 17:30:46.592 20930-20978 Icing                   pid-20930                            W  No valid account for uploading user actions
2022-09-28 17:30:46.598 20930-20978 Icing                   pid-20930                            I  Usage reports ok 0, Failed Usage reports 0, indexed 0, rejected 0
2022-09-28 17:30:46.662 13944-7014  MSF.C.NetConnTag.true   pid-13944                            D  open /120.232.18.61:14000 failed connError_refused costTime: 1088 configTimeout: 20000 noneProxy cross:0
2022-09-28 17:30:46.669 23677-24780 JIGUANG-JCore           com.geek.jk.calendar.app             W  [NioSocketClient] tcp connect has failed:java.net.ConnectException: Connection refused
2022-09-28 17:30:46.669 23677-24780 JIGUANG-JCommon         com.geek.jk.calendar.app             D  [JCommonInterface] onEvent action:get_loc_info
2022-09-28 17:30:46.671 13944-7014  MSF.D.NetworkProvider   pid-13944                            I  refresh currentAPN:3gnet. received networkInfo: CONNECTED :NetworkInfo: type: MOBILE[NR], state: CONNECTED/CONNECTED, reason: (unspecified), extra: 3g, roaming: false, failover: false, isAvailable: true, isConnectedToProvisioningNetwork: true. ExtraNetInfo: null
2022-09-28 17:30:46.671 13944-7014  MSF.C.NetConnTag.true   pid-13944                            D  try open Conn OSwzPz8sf3VlcmJkdGp2aGRyaHpob39ientgd25udWp6HGRiamh3BX51YGRtYnVge3liZGA+JDY5JmpuYGl/PCsvIzE noneProxy net:1 cross:0 protocalsocket
2022-09-28 17:30:46.673 13944-14124 MSF.S.AppProcessManager pid-13944                            I  SendToApp PUSH process:com.tencent.mobileqq fromServiceMsg: FromServiceMsg msName:onConnWeakNetNew ssoSeq:-1 serviceCmd:cmd_connWeakNet_New appSeq:19943 failCode:0 cost = 0 needBoot=false from.len = 0
2022-09-28 17:30:46.674 13322-27048 MSF.D.Proxy             pid-13322                            D  onRecvServicePushResp, fromServiceMsg cmd = cmd_connWeakNet_New, ssoSeq = -1, length = 0
2022-09-28 17:30:46.674 13944-14124 MSF.S.AppProcessManager pid-13944                            I  SendToApp PUSH process:com.tencent.mobileqq:gameservice fromServiceMsg: FromServiceMsg msName:onConnWeakNetNew ssoSeq:-1 serviceCmd:cmd_connWeakNet_New appSeq:19943 failCode:0 cost = 0 needBoot=false from.len = 0
2022-09-28 17:30:46.675 24268-24284 MSF.D.Proxy             pid-24268                            D  onRecvServicePushResp, fromServiceMsg cmd = cmd_connWeakNet_New, ssoSeq = -1, length = 0
2022-09-28 17:30:46.726  1298-2073  AppSwitchObserverHelper pid-1298                             D  packageName: com.android.launcher,com.geek.jk.calendar.app
2022-09-28 17:30:46.727  1298-24804 Battery                 pid-1298                             E  AffairResControl: F bg assistant app com.geek.jk.calendar.app
2022-09-28 17:30:46.730  1690-3580  ActivityManager         pid-1690                             I  Force stopping com.geek.jk.calendar.app appid=10714 user=0: from pid 1298
2022-09-28 17:30:46.730  1690-3580  ContextImpl             pid-1690                             W  Calling a method in the system process without a qualified user: android.app.ContextImpl.sendBroadcast:1175 com.android.server.am.OplusExtraActivityManagerService.setKeyLockModeNormal:51 com.android.server.am.ActivityManagerServiceExtImpl.setKeyLockModeNormal:780 com.android.server.am.ActivityManagerService.forceStopPackageLocked:4509 com.android.server.am.ActivityManagerService.forceStopPackageLocked:4354
2022-09-28 17:30:46.738  1690-3580  ActivityManager         pid-1690                             I  Killing 23390:com.geek.jk.calendar.app/u0a714 (adj 700): stop com.geek.jk.calendar.app due to from pid 1298
2022-09-28 17:30:46.744  5294-5316  DeepThinker             pid-5294                             V  ProcessManager: onProcessDied pid:23390, uid:10714
2022-09-28 17:30:46.745  1690-3580  ActivityTaskManager     pid-1690                             W  Force removing ActivityRecord{12098e9 u0 com.geek.jk.calendar.app/com.day45.weather.host.HostActivity t421 f}}: app died, no saved state
2022-09-28 17:30:46.746  1690-2228  UsageStatsService       pid-1690                             W  Unexpected activity event reported! (com.geek.jk.calendar.app/com.day45.weather.host.HostActivity event : 23 instanceId : 208762116)
2022-09-28 17:30:46.746  1690-3580  InputManager-JNI        pid-1690                             W  Input channel object 'f3e01d com.geek.jk.calendar.app/com.day45.weather.host.HostActivity (client)' was disposed without first being removed with the input manager!
2022-09-28 17:30:46.747 13269-15960 RemoteGuar...ityMonitor pid-13269                            E  onProcessDied com.geek.jk.calendar.app pid = 23390 uid = 10714
2022-09-28 17:30:46.748  1690-5943  KernelCpuU...TimeReader pid-1690                             E  Negative delta from active time for uid: 10302, delta: -7
2022-09-28 17:30:46.748  1690-5943  KernelCpuU...TimeReader pid-1690                             E  Negative delta from active time for uid: 10090, delta: -6
2022-09-28 17:30:46.748  1690-5943  KernelCpuU...TimeReader pid-1690                             E  Negative delta from active time for uid: 10145, delta: -20
2022-09-28 17:30:46.748  1690-5943  KernelCpuU...TimeReader pid-1690                             E  Negative delta from active time for uid: 50201, delta: -2
2022-09-28 17:30:46.748  1690-5943  KernelCpuU...TimeReader pid-1690                             E  Negative delta from active time for uid: 10064, delta: -9
2022-09-28 17:30:46.748  1690-5943  KernelCpuU...TimeReader pid-1690                             E  Negative delta from active time for uid: 10161, delta: -29848
2022-09-28 17:30:46.748  1690-5943  KernelCpuU...TimeReader pid-1690                             E  Negative delta from active time for uid: 10321, delta: -10
2022-09-28 17:30:46.748  1690-5943  KernelCpuU...TimeReader pid-1690                             E  Negative delta from active time for uid: 50089, delta: -3
2022-09-28 17:30:46.748  1690-5943  KernelCpuU...TimeReader pid-1690                             E  Negative delta from active time for uid: 50707, delta: -32
2022-09-28 17:30:46.748  1690-5943  KernelCpuU...TimeReader pid-1690                             E  Negative delta from active time for uid: 10303, delta: -4
2022-09-28 17:30:46.748  1690-5943  KernelCpuU...TimeReader pid-1690                             E  Negative delta from active time for uid: 10214, delta: -2
2022-09-28 17:30:46.748  1690-5943  KernelCpuU...TimeReader pid-1690                             E  Negative delta from active time for uid: 10091, delta: -18
2022-09-28 17:30:46.748  1690-5943  KernelCpuU...TimeReader pid-1690                             E  Negative delta from active time for uid: 10078, delta: -11
2022-09-28 17:30:46.748  1690-5943  KernelCpuU...TimeReader pid-1690                             E  Negative delta from active time for uid: 10154, delta: -22
2022-09-28 17:30:46.748  1690-5943  KernelCpuU...TimeReader pid-1690                             E  Negative delta from active time for uid: 10319, delta: -6
2022-09-28 17:30:46.748  1690-5943  KernelCpuU...TimeReader pid-1690                             E  Negative delta from active time for uid: 50341, delta: -5
2022-09-28 17:30:46.749  1690-5943  KernelCpuU...TimeReader pid-1690                             E  Negative delta from active time for uid: 50061, delta: -4
2022-09-28 17:30:46.749  1690-5943  KernelCpuU...TimeReader pid-1690                             E  Negative delta from active time for uid: 10068, delta: -18
2022-09-28 17:30:46.749  1690-5943  KernelCpuU...TimeReader pid-1690                             E  Negative delta from active time for uid: 10008, delta: -2
2022-09-28 17:30:46.749  1690-5943  KernelCpuU...TimeReader pid-1690                             E  Negative delta from active time for uid: 10351, delta: -5
2022-09-28 17:30:46.749  1690-5943  KernelCpuU...TimeReader pid-1690                             E  Negative delta from active time for uid: 50224, delta: -4
2022-09-28 17:30:46.749  1690-5943  KernelCpuU...TimeReader pid-1690                             E  Negative delta from active time for uid: 50046, delta: -3
2022-09-28 17:30:46.749  1690-5943  KernelCpuU...TimeReader pid-1690                             E  Negative delta from active time for uid: 10197, delta: -27
2022-09-28 17:30:46.751  1690-5943  KernelCpuU...TimeReader pid-1690                             E  Negative delta from cluster time for uid: 50316, delta: -2
2022-09-28 17:30:46.751  1690-5943  KernelCpuU...TimeReader pid-1690                             E  Negative delta from cluster time for uid: 10302, delta: -7
2022-09-28 17:30:46.751  1690-5943  KernelCpuU...TimeReader pid-1690                             E  Negative delta from cluster time for uid: 50303, delta: -1
2022-09-28 17:30:46.751  1690-5943  KernelCpuU...TimeReader pid-1690                             E  Negative delta from cluster time for uid: 10090, delta: -12
2022-09-28 17:30:46.751  1690-5943  KernelCpuU...TimeReader pid-1690                             E  Negative delta from cluster time for uid: 10145, delta: -24
2022-09-28 17:30:46.751  1690-5943  KernelCpuU...TimeReader pid-1690                             E  Negative delta from cluster time for uid: 50002, delta: -2
2022-09-28 17:30:46.751  1690-5943  KernelCpuU...TimeReader pid-1690                             E  Negative delta from cluster time for uid: 50057, delta: -1
2022-09-28 17:30:46.751  1690-5943  KernelCpuU...TimeReader pid-1690                             E  Negative delta from cluster time for uid: 50256, delta: -4
2022-09-28 17:30:46.751  1690-5943  KernelCpuU...TimeReader pid-1690                             E  Negative delta from cluster time for uid: 50133, delta: -3
2022-09-28 17:30:46.751  1690-5943  KernelCpuU...TimeReader pid-1690                             E  Negative delta from cluster time for uid: 50654, delta: -1
2022-09-28 17:30:46.751  1690-5943  KernelCpuU...TimeReader pid-1690                             E  Negative delta from cluster time for uid: 10064, delta: -10
2022-09-28 17:30:46.751  1690-5943  KernelCpuU...TimeReader pid-1690                             E  Negative delta from cluster time for uid: 50188, delta: -5
2022-09-28 17:30:46.751  1690-5943  KernelCpuU...TimeReader pid-1690                             E  Negative delta from cluster time for uid: 50065, delta: -2
2022-09-28 17:30:46.751  1690-5943  KernelCpuU...TimeReader pid-1690                             E  Negative delta from cluster time for uid: 10140, delta: -10
2022-09-28 17:30:46.751  1690-5943  KernelCpuU...TimeReader pid-1690                             E  Negative delta from cluster time for uid: 50696, delta: -1
2022-09-28 17:30:46.751  1690-5943  KernelCpuU...TimeReader pid-1690                             E  Negative delta from cluster time for uid: 10161, delta: -37402
2022-09-28 17:30:46.751  1690-5943  KernelCpuU...TimeReader pid-1690                             E  Negative delta from cluster time for uid: 50128, delta: -5
2022-09-28 17:30:46.751  1690-5943  KernelCpuU...TimeReader pid-1690                             E  Negative delta from cluster time for uid: 50526, delta: -3
2022-09-28 17:30:46.751  1690-5943  KernelCpuU...TimeReader pid-1690                             E  Negative delta from cluster time for uid: 50060, delta: -1
2022-09-28 17:30:46.752  1690-5943  KernelCpuU...TimeReader pid-1690                             E  Negative delta from cluster time for uid: 50259, delta: -1
2022-09-28 17:30:46.752  1690-5943  KernelCpuU...TimeReader pid-1690                             E  Negative delta from cluster time for uid: 50314, delta: -2
2022-09-28 17:30:46.752  1690-5943  KernelCpuU...TimeReader pid-1690                             E  Negative delta from cluster time for uid: 50424, delta: -1
2022-09-28 17:30:46.752  1690-3580  OplusMirag...gerService pid-1690                             D  onTaskRemoved displayid:0 taskId:421 callers:com.android.server.wm.TaskDisplayArea.removeChildTask:430 com.android.server.wm.TaskDisplayArea.removeChild:419 com.android.server.wm.WindowContainer.removeImmediately:661 com.android.server.wm.Task.removeImmediately:3345 com.android.server.wm.Task.removeIfPossible:1034
2022-09-28 17:30:46.752  1690-5943  KernelCpuU...TimeReader pid-1690                             E  Negative delta from cluster time for uid: 50335, delta: -1
2022-09-28 17:30:46.752  1690-5943  KernelCpuU...TimeReader pid-1690                             E  Negative delta from cluster time for uid: 10122, delta: -4
2022-09-28 17:30:46.752  1690-5943  KernelCpuU...TimeReader pid-1690                             E  Negative delta from cluster time for uid: 50246, delta: -4
2022-09-28 17:30:46.752  1690-3580  OplusScreenSecurityMask pid-1690                             I  onStackRemoved task = Task{de75b5b #421 type=standard A=10714:com.geek.jk.calendar.app U=0 visible=false mode=fullscreen translucent=true sz=0} record = null displayId = 0
2022-09-28 17:30:46.752  1690-5943  KernelCpuU...TimeReader pid-1690                             E  Negative delta from cluster time for uid: 50013, delta: -2
2022-09-28 17:30:46.752  1690-5943  KernelCpuU...TimeReader pid-1690                             E  Negative delta from cluster time for uid: 10520, delta: -7
2022-09-28 17:30:46.752  1690-5943  KernelCpuU...TimeReader pid-1690                             E  Negative delta from cluster time for uid: 50699, delta: -7
2022-09-28 17:30:46.752  1690-5943  KernelCpuU...TimeReader pid-1690                             E  Negative delta from cluster time for uid: 10109, delta: -1
2022-09-28 17:30:46.752  1690-5943  KernelCpuU...TimeReader pid-1690                             E  Negative delta from cluster time for uid: 50089, delta: -3
2022-09-28 17:30:46.752  1690-5943  KernelCpuU...TimeReader pid-1690                             E  Negative delta from cluster time for uid: 50521, delta: -3
2022-09-28 17:30:46.752  1690-3580  TaskExtImpl             pid-1690                             D  remove ActivityRecord{12098e9 u0 com.geek.jk.calendar.app/com.day45.weather.host.HostActivity t-1 f}} to mActivityRecordSum = Counter{ }
2022-09-28 17:30:46.752  1690-5943  KernelCpuU...TimeReader pid-1690                             E  Negative delta from cluster time for uid: 50199, delta: -1
2022-09-28 17:30:46.752  1690-5943  KernelCpuU...TimeReader pid-1690                             E  Negative delta from cluster time for uid: 50254, delta: -1
2022-09-28 17:30:46.752  1690-5943  KernelCpuU...TimeReader pid-1690                             E  Negative delta from cluster time for uid: 1069, delta: -1
2022-09-28 17:30:46.752  1690-5943  KernelCpuU...TimeReader pid-1690                             E  Negative delta from cluster time for uid: 50076, delta: -1
2022-09-28 17:30:46.752  1690-5943  KernelCpuU...TimeReader pid-1690                             E  Negative delta from cluster time for uid: 50330, delta: -2
2022-09-28 17:30:46.752  1690-5943  KernelCpuU...TimeReader pid-1690                             E  Negative delta from cluster time for uid: 50707, delta: -54
2022-09-28 17:30:46.752  1690-5943  KernelCpuU...TimeReader pid-1690                             E  Negative delta from cluster time for uid: 50008, delta: -1
2022-09-28 17:30:46.752  1690-5943  KernelCpuU...TimeReader pid-1690                             E  Negative delta from cluster time for uid: 50262, delta: -4
2022-09-28 17:30:46.752  1690-5943  KernelCpuU...TimeReader pid-1690                             E  Negative delta from cluster time for uid: 50029, delta: -2
2022-09-28 17:30:46.752  1690-5943  KernelCpuU...TimeReader pid-1690                             E  Negative delta from cluster time for uid: 50084, delta: -2
2022-09-28 17:30:46.752  1690-5943  KernelCpuU...TimeReader pid-1690                             E  Negative delta from cluster time for uid: 10303, delta: -8
2022-09-28 17:30:46.752  1690-5943  KernelCpuU...TimeReader pid-1690                             E  Negative delta from cluster time for uid: 10214, delta: -5
2022-09-28 17:30:46.752  1690-5943  KernelCpuU...TimeReader pid-1690                             E  Negative delta from cluster time for uid: 10358, delta: -9
2022-09-28 17:30:46.752  1690-5943  KernelCpuU...TimeReader pid-1690                             E  Negative delta from cluster time for uid: 50249, delta: -1
2022-09-28 17:30:46.752  1690-5943  KernelCpuU...TimeReader pid-1690                             E  Negative delta from cluster time for uid: 10091, delta: -29
